Plug-in error log for plug-in at: C:\Users\Kepler\Documents\lrplugins\romulus.lrdevplugin

**** Error 1

An error occurred while attempting to run one of the plug-in’s scripts.
assertion failed!

**** Error 2

The plug-in encountered an error when performing the menu item “Compare photo with presets”.
assertion failed!

